V ==K ( [ if false "true" ] ~> #freezer___SCHEME-COMMON1_ ( eof ) )
