[0 #[1 2 3] 4 5 6]
[[#[15 2 3]]]
[0 #[15 2 3] 4 5 6]
[0 #[15 2 3] 4 5 6]
