(a (quasiquote (b (unquote x) (unquote (quote y)) d)) e)
